[loyalaw.com/index.html]
[backblue.gif]
[fade.gif]
[index.html]
[loyalaw.com/index.html]
[loyalaw.com/comments/feed/index.html]
[loyalaw.com/feed/index.html]
[loyalaw.com/wp-json/oembed/1.0/embed7462.json]
[loyalaw.com/wp-json/oembed/1.0/embede27c]
[use.typekit.net/zup3nmm.css]
[loyalaw.com/wp-content/themes/hello-elementor/assets/css/reset4c8b.css]
[loyalaw.com/wp-content/themes/hello-elementor/assets/css/theme4c8b.css]
[loyalaw.com/wp-content/themes/hello-elementor/assets/css/header-footer4c8b.css]
[loyalaw.com/wp-content/uploads/elementor/css/custom-frontend.min656b.css]
[loyalaw.com/wp-content/uploads/elementor/css/post-8656b.css]
[loyalaw.com/wp-content/plugins/elementor/assets/css/widget-image.mina352.css]
[loyalaw.com/wp-content/uploads/elementor/css/custom-pro-widget-nav-menu.min656b.css]
[loyalaw.com/wp-content/plugins/elementor/assets/css/widget-heading.mina352.css]
[loyalaw.com/wp-content/plugins/elementor/assets/css/widget-social-icons.mina352.css]
[loyalaw.com/wp-content/uploads/elementor/css/custom-apple-webkit.min656b.css]
[loyalaw.com/wp-content/plugins/elementor/assets/lib/animations/styles/fadeInUp.mina352.css]
[loyalaw.com/wp-includes/js/jquery/jquery.minf43b.js]
[loyalaw.com/wp-json/index.html]
[loyalaw.com/wp-content/plugins/elementor/assets/lib/animations/styles/fadeIn.mina352.css]
[loyalaw.com/wp-json/wp/v2/pages/23.json]
[loyalaw.com/wp-includes/js/jquery/jquery-migrate.min5589.js]
[loyalaw.com/wp-content/plugins/elementor-pro/assets/css/widget-loop-common.min0235.css]
[loyalaw.com/wp-content/uploads/2025/11/favicon-150x150.png]
[loyalaw.com/wp-content/uploads/2025/11/favicon.png]
[loyalaw.com/wp-content/uploads/elementor/css/custom-pro-widget-loop-grid.min656b.css]
[loyalaw.com/wp-content/plugins/elementor/assets/lib/swiper/v8/css/swiper.min94a4.css]
[loyalaw.com/wp-content/plugins/elementor/assets/css/conditionals/e-swiper.mina352.css]
[loyalaw.com/wp-content/uploads/2025/11/ryan-loya-her2o.png]
[loyalaw.com/wp-content/uploads/elementor/css/custom-pro-widget-testimonial-carousel.min6393.css]
[loyalaw.com/wp-content/uploads/2025/11/Ryan-Loya-Kylie-Loya1.jpg]
[loyalaw.com/wp-content/uploads/2025/11/18-wheeler-accidents.png]
[loyalaw.com/wp-content/plugins/elementor-pro/assets/css/widget-carousel-module-base.min0235.css]
[loyalaw.com/wp-content/uploads/2025/11/workplace-injuries.png]
[loyalaw.com/wp-content/uploads/2025/11/wrongful-death.png]
[loyalaw.com/wp-content/uploads/2025/11/refinery-plant-explosions.png]
[loyalaw.com/wp-content/uploads/elementor/css/post-23d727.css]
[loyalaw.com/wp-content/uploads/2025/11/trip-and-fall-injuries2.png]
[loyalaw.com/wp-content/uploads/elementor/css/post-345656b.css]
[loyalaw.com/wp-content/uploads/2025/11/maritime-offshore-injury.png]
[loyalaw.com/wp-content/uploads/2025/11/uber-lyft-accidents.png]
[loyalaw.com/wp-content/uploads/2025/11/brain-burn-amputation-injuries.png]
[loyalaw.com/wp-content/uploads/elementor/css/post-3634a81.css]
[loyalaw.com/wp-content/uploads/2025/11/electrocution-injuries.png]
[loyalaw.com/wp-content/uploads/2025/11/crane-accidents.png]
[loyalaw.com/wp-content/themes/hello-child/style8717.css]
[loyalaw.com/wp-content/uploads/2025/11/dog-bite-animal-attack.png]
[loyalaw.com/wp-content/uploads/2025/11/shootings.png]
[loyalaw.com/wp-content/uploads/2025/11/other-negligent-acts.png]
[loyalaw.com/wp-content/uploads/2025/11/paul-cheney-1624-4.png]
[loyalaw.com/wp-content/uploads/2025/11/logo.svg]
[loyalaw.com/wp-content/uploads/2025/06/footer-logo1.png]
[loyalaw.com/wp-content/uploads/2025/11/Kylie-Loya.png]
[loyalaw.com/wp-content/plugins/elementor/assets/js/webpack.runtime.mina352.js]
[loyalaw.com/wp-content/themes/hello-elementor/assets/js/hello-frontend4c8b.js]
[loyalaw.com/wp-content/plugins/elementor/assets/js/frontend-modules.mina352.js]
[loyalaw.com/wp-includes/js/jquery/ui/core.minb37e.js]
[loyalaw.com/wp-content/plugins/elementor/assets/js/frontend.mina352.js]
[loyalaw.com/our-lawyers/i]
[loyalaw.com/wp-content/plugins/elementor-pro/assets/lib/smartmenus/jquery.smartmenus.min1576.js]
[loyalaw.com/wp-includes/js/imagesloaded.minbb93.js]
[loyalaw.com/wp-content/plugins/elementor/assets/lib/swiper/v8/swiper.min94a4.js]
[loyalaw.com/wp-content/themes/hello-child/main.js]
[loyalaw.com/our-lawyers/index.html]
[loyalaw.com/wp-includes/js/dist/i18n.mineca5.js]
[loyalaw.com/wp-includes/js/dist/hooks.min394d.js]
[loyalaw.com/wp-includes/js/dist/dom-ready.min379d.js]
[loyalaw.com/wp-includes/js/dist/a11y.min8148.js]
[loyalaw.com/wp-content/plugins/gravityforms/js/jquery.json.mine776.js]
[loyalaw.com/wp-content/plugins/gravityforms/js/gravityforms.mine776.js]
[loyalaw.com/wp-content/plugins/gravityforms/js/placeholders.jquery.mine776.js]
[loyalaw.com/wp-content/plugins/gravityforms/assets/js/dist/utils.min388f.js]
[loyalaw.com/our-lawyers/ryan-loya/i]
[loyalaw.com/wp-content/plugins/gravityforms/assets/js/dist/vendor-theme.minfef7.js]
[loyalaw.com/wp-content/plugins/gravityforms/assets/js/dist/scripts-theme.min95c4.js]
[loyalaw.com/our-lawyers/ryan-loya/index.html]
[loyalaw.com/wp-content/plugins/akismet/_inc/akismet-frontend3f4b.js]
[loyalaw.com/wp-content/plugins/elementor-pro/assets/js/frontend.min0235.js]
[loyalaw.com/wp-content/plugins/elementor-pro/assets/js/webpack-pro.runtime.min0235.js]
[loyalaw.com/wp-content/plugins/elementor-pro/assets/js/elements-handlers.min0235.js]
[use.typekit.net/af/5be242/00000000000000007735e603/31/d652f]
[use.typekit.net/af/5be242/00000000000000007735e603/31/l652f]
[use.typekit.net/af/5be242/00000000000000007735e603/31/a652f]
[use.typekit.net/af/38ea3a/00000000000000007758cf7d/31/le265]
[use.typekit.net/af/38ea3a/00000000000000007758cf7d/31/de265]
[use.typekit.net/af/e37e5a/00000000000000007735e60d/31/l5bba]
[use.typekit.net/af/38ea3a/00000000000000007758cf7d/31/ae265]
[use.typekit.net/af/e37e5a/00000000000000007735e60d/31/d5bba]
[use.typekit.net/af/e37e5a/00000000000000007735e60d/31/a5bba]
[loyalaw.com/our-lawyers/kylie-loya/i.7d.delayed]
[use.typekit.net/af/0bd0af/00000000000000007758cf8e/31/l1f8b]
[loyalaw.com/our-lawyers/kylie-loya/index.html]
[use.typekit.net/af/0bd0af/00000000000000007758cf8e/31/a1f8b]
[use.typekit.net/af/0bd0af/00000000000000007758cf8e/31/d1f8b]
[use.typekit.net/af/d7ff92/00000000000000007735e609/31/le196]
[use.typekit.net/af/d7ff92/00000000000000007735e609/31/de196]
[use.typekit.net/af/d7ff92/00000000000000007735e609/31/ae196]
[use.typekit.net/af/6eb0e3/00000000000000007758cf8f/31/lfdcc]
[use.typekit.net/af/6eb0e3/00000000000000007758cf8f/31/dfdcc]
[use.typekit.net/af/6eb0e3/00000000000000007758cf8f/31/afdcc]
[loyalaw.com/privacy-policy/i]
[use.typekit.net/af/3888dc/00000000000000007735e606/31/l3eab]
[use.typekit.net/af/3888dc/00000000000000007735e606/31/d3eab]
[loyalaw.com/privacy-policy/index.html]
[loyalaw.com/_/privacy-policy/__Privacy.html]
[use.typekit.net/af/3888dc/00000000000000007735e606/31/a3eab]
[loyalaw.com/wp-content/plugins/gravityforms/images/spinner.svg]
[use.typekit.net/af/0b8052/00000000000000007758cf90/31/aaaa3]
[use.typekit.net/af/0b8052/00000000000000007758cf90/31/laaa3]
[loyalaw.com/wp-content/plugins/gravityforms/assets/css/dist/gravity-forms-theme-reset.mine776.css]
[use.typekit.net/af/0b8052/00000000000000007758cf90/31/daaa3]
[loyalaw.com/our-lawyers/Firefox/index.html]
[loyalaw.com/wp-content/uploads/2025/11/Rectangle-5969-1.png]
[loyalaw.com/wp-content/cache/fonts/1/google-fonts/fonts/s/librebaskerville/v24/kmKnZrc3Hgbbcjq75U4uslyuy4kn0qNZaxM.woff2]
[loyalaw.com/wp-json/oembed/1.0/embed9d6b.json]
[loyalaw.com/wp-content/plugins/gravityforms/assets/css/dist/gravity-forms-theme-foundation.mine776.css]
[loyalaw.com/wp-content/uploads/2025/11/paul-cheney-1558-8.png]
[loyalaw.com/wp-content/plugins/gravityforms/assets/css/dist/gravity-forms-theme-framework.mine776.css]
[loyalaw.com/wp-content/plugins/gravityforms/assets/css/dist/gravity-forms-orbital-theme.mine776.css]
[loyalaw.com/wp-json/oembed/1.0/embed20cb]
[p.typekit.net/p5a0f.css]
[loyalaw.com/wp-json/wp/v2/pages/792.json]
[loyalaw.com/our-lawyers/ryan-loya/Firefox/index.html]
[loyalaw.com/our-lawyers/i.html]
[loyalaw.com/wp-content/plugins/wp-rocket/assets/img/youtube.png]
[loyalaw.com/our-lawyers/Firefox/index.html]
[loyalaw.com/wp-content/plugins/wp-rocket/assets/js/lazyload/17.8.3/lazyload.min.js]
[loyalaw.com/indexdfb6.html]
[loyalaw.com/wp-content/plugins/wp-rocket/assets/js/wpr-beacon.min.js]
[loyalaw.com/wp-json/wp/v2/pages/36.json]
[loyalaw.com/wp-content/plugins/gravityforms/images/gf-creditcards-check.svg]
[loyalaw.com/wp-json/oembed/1.0/embedca76.json]
[loyalaw.com/wp-json/oembed/1.0/embed264c]
[loyalaw.com/wp-content/plugins/gravityforms/images/gf-creditcards.svg]
[loyalaw.com/wp-content/uploads/2025/11/paul-cheney-1558-9.png]
[loyalaw.com/our-lawyers/kylie-loya/Firefox/index.html]
[loyalaw.com/our-lawyers/_/privacy-policy/__Privacy.html]
[i.ytimg.com/vi/ID/hqdefault.jpg]
[loyalaw.com/wp-json/wp/v2/pages/899.json]
[loyalaw.com/our-lawyers/ryan-loya/i.html]
[loyalaw.com/wp-content/uploads/2025/11/paul-cheney-1792-7.png]
[loyalaw.com/our-lawyers/ryan-loya/Firefox/index.html]
[loyalaw.com/wp-json/oembed/1.0/embed510c.json]
[loyalaw.com/index0d0b.html]
[loyalaw.com/wp-json/oembed/1.0/embed6e55]
[loyalaw.com/privacy-policy/Firefox/index.html]
[loyalaw.com/our-lawyers/ryan-loya/_/privacy-policy/__Privacy.html]
[loyalaw.com/our-lawyers/kylie-loya/i.html]
[loyalaw.com/wp-content/uploads/2025/11/Kylie-Loya-1.png]
[loyalaw.com/our-lawyers/kylie-loya/Firefox/index.html]
[loyalaw.com/wp-json/oembed/1.0/embedb431.json]
[loyalaw.com/indexd250.html]
[loyalaw.com/wp-json/oembed/1.0/embedc4bf]
[loyalaw.com/wp-json/wp/v2/pages/654.json]
[loyalaw.com/our-lawyers/kylie-loya/_/privacy-policy/__Privacy.html]
[loyalaw.com/privacy-policy/i.html]
[loyalaw.com/wp-content/uploads/2025/11/herobg.png]
[loyalaw.com/privacy-policy/Firefox/index.html]
[loyalaw.com/indexa818.html]
[loyalaw.com/wp-content/plugins/gravityforms/images/theme/chosen/chosen-sprite.png]
[loyalaw.com/wp-content/plugins/gravityforms/images/theme/chosen/chosen-sprite@2x.png]
[loyalaw.com/privacy-policy/_/privacy-policy/__Privacy.html]
[loyalaw.com/wp-content/plugins/gravityforms/fonts/gform-icons-orbital3c71.woff2]
[loyalaw.com/wp-content/plugins/gravityforms/images/theme/down-arrow.svg]
[loyalaw.com/wp-content/plugins/gravityforms/fonts/gform-icons-orbital3c71.ttf]
[loyalaw.com/wp-content/plugins/gravityforms/fonts/gform-icons-orbital3c71.woff]
[loyalaw.com/wp-content/plugins/gravityforms/fonts/gform-icons-orbital3c71.svg]
